Express Server Listening on port 3000
Cassandra: Connected To the Database.
{ _readableState: 
   { highWaterMark: 16384,
     buffer: [],
     length: 0,
     pipes: null,
     pipesCount: 0,
     flowing: false,
     ended: true,
     endEmitted: true,
     reading: false,
     calledRead: true,
     sync: false,
     needReadable: true,
     emittedReadable: false,
     readableListening: false,
     objectMode: false,
     defaultEncoding: 'utf8',
     ranOut: false,
     awaitDrain: 0,
     readingMore: false,
     decoder: null,
     encoding: null },
  readable: false,
  domain: null,
  _events: { readable: [Function] },
  _maxListeners: 10,
  socket: 
   { _connecting: false,
     _handle: 
      { fd: 14,
        writeQueueSize: 0,
        owner: [Circular],
        onread: [Function: onread],
        reading: true },
     _readableState: 
      { highWaterMark: 16384,
        buffer: [],
        length: 0,
        pipes: null,
        pipesCount: 0,
        flowing: false,
        ended: false,
        endEmitted: false,
        reading: true,
        calledRead: true,
        sync: false,
        needReadable: true,
        emittedReadable: false,
        readableListening: false,
        objectMode: false,
        defaultEncoding: 'utf8',
        ranOut: false,
        awaitDrain: 0,
        readingMore: false,
        decoder: null,
        encoding: null },
     readable: true,
     domain: null,
     _events: 
      { end: [Object],
        finish: [Function: onSocketFinish],
        _socketEnd: [Function: onSocketEnd],
        drain: [Object],
        timeout: [Function],
        error: [Function],
        close: [Object] },
     _maxListeners: 10,
     _writableState: 
      { highWaterMark: 16384,
        objectMode: false,
        needDrain: false,
        ending: false,
        ended: false,
        finished: false,
        decodeStrings: false,
        defaultEncoding: 'utf8',
        length: 0,
        writing: false,
        sync: true,
        bufferProcessing: false,
        onwrite: [Function],
        writecb: null,
        writelen: 0,
        buffer: [],
        errorEmitted: false },
     writable: true,
     allowHalfOpen: true,
     onend: [Function],
     destroyed: false,
     bytesRead: 183,
     _bytesDispatched: 0,
     _pendingData: null,
     _pendingEncoding: '',
     server: 
      { domain: null,
        _events: [Object],
        _maxListeners: 10,
        _connections: 1,
        connections: [Getter/Setter],
        _handle: [Object],
        _usingSlaves: false,
        _slaves: [],
        allowHalfOpen: true,
        httpAllowHalfOpen: false,
        timeout: 120000,
        _connectionKey: '4:0.0.0.0:3000' },
     _idleTimeout: 120000,
     _idleNext: 
      { _connecting: false,
        _handle: [Object],
        _readableState: [Object],
        readable: true,
        domain: null,
        _events: [Object],
        _maxListeners: 10,
        _writableState: [Object],
        writable: true,
        allowHalfOpen: false,
        onend: null,
        destroyed: false,
        bytesRead: 7258,
        _bytesDispatched: 282,
        _pendingData: null,
        _pendingEncoding: '',
        _idleTimeout: 5000,
        _idleNext: [Object],
        _idlePrev: [Circular],
        _idleStart: 1425313261948,
        _monotonicStartTime: 135655277,
        read: [Function],
        _consuming: true },
     _idlePrev: { _idleNext: [Circular], _idlePrev: [Object] },
     _idleStart: 1425313265544,
     _monotonicStartTime: 135658874,
     parser: 
      { _headers: [],
        _url: '',
        onHeaders: [Function: parserOnHeaders],
        onHeadersComplete: [Function: parserOnHeadersComplete],
        onBody: [Function: parserOnBody],
        onMessageComplete: [Function: parserOnMessageComplete],
        socket: [Circular],
        incoming: [Circular],
        maxHeaderPairs: 2000,
        onIncoming: [Function] },
     ondata: [Function],
     _paused: false,
     _httpMessage: 
      { domain: null,
        _events: [Object],
        _maxListeners: 10,
        output: [],
        outputEncodings: [],
        writable: true,
        _last: false,
        chunkedEncoding: false,
        shouldKeepAlive: true,
        useChunkedEncodingByDefault: true,
        sendDate: true,
        _headerSent: false,
        _header: '',
        _hasBody: true,
        _trailer: '',
        finished: false,
        _hangupClose: false,
        socket: [Circular],
        connection: [Circular],
        _headers: [Object],
        _headerNames: [Object],
        req: [Circular],
        locals: {} } },
  connection: 
   { _connecting: false,
     _handle: 
      { fd: 14,
        writeQueueSize: 0,
        owner: [Circular],
        onread: [Function: onread],
        reading: true },
     _readableState: 
      { highWaterMark: 16384,
        buffer: [],
        length: 0,
        pipes: null,
        pipesCount: 0,
        flowing: false,
        ended: false,
        endEmitted: false,
        reading: true,
        calledRead: true,
        sync: false,
        needReadable: true,
        emittedReadable: false,
        readableListening: false,
        objectMode: false,
        defaultEncoding: 'utf8',
        ranOut: false,
        awaitDrain: 0,
        readingMore: false,
        decoder: null,
        encoding: null },
     readable: true,
     domain: null,
     _events: 
      { end: [Object],
        finish: [Function: onSocketFinish],
        _socketEnd: [Function: onSocketEnd],
        drain: [Object],
        timeout: [Function],
        error: [Function],
        close: [Object] },
     _maxListeners: 10,
     _writableState: 
      { highWaterMark: 16384,
        objectMode: false,
        needDrain: false,
        ending: false,
        ended: false,
        finished: false,
        decodeStrings: false,
        defaultEncoding: 'utf8',
        length: 0,
        writing: false,
        sync: true,
        bufferProcessing: false,
        onwrite: [Function],
        writecb: null,
        writelen: 0,
        buffer: [],
        errorEmitted: false },
     writable: true,
     allowHalfOpen: true,
     onend: [Function],
     destroyed: false,
     bytesRead: 183,
     _bytesDispatched: 0,
     _pendingData: null,
     _pendingEncoding: '',
     server: 
      { domain: null,
        _events: [Object],
        _maxListeners: 10,
        _connections: 1,
        connections: [Getter/Setter],
        _handle: [Object],
        _usingSlaves: false,
        _slaves: [],
        allowHalfOpen: true,
        httpAllowHalfOpen: false,
        timeout: 120000,
        _connectionKey: '4:0.0.0.0:3000' },
     _idleTimeout: 120000,
     _idleNext: 
      { _connecting: false,
        _handle: [Object],
        _readableState: [Object],
        readable: true,
        domain: null,
        _events: [Object],
        _maxListeners: 10,
        _writableState: [Object],
        writable: true,
        allowHalfOpen: false,
        onend: null,
        destroyed: false,
        bytesRead: 7258,
        _bytesDispatched: 282,
        _pendingData: null,
        _pendingEncoding: '',
        _idleTimeout: 5000,
        _idleNext: [Object],
        _idlePrev: [Circular],
        _idleStart: 1425313261948,
        _monotonicStartTime: 135655277,
        read: [Function],
        _consuming: true },
     _idlePrev: { _idleNext: [Circular], _idlePrev: [Object] },
     _idleStart: 1425313265544,
     _monotonicStartTime: 135658874,
     parser: 
      { _headers: [],
        _url: '',
        onHeaders: [Function: parserOnHeaders],
        onHeadersComplete: [Function: parserOnHeadersComplete],
        onBody: [Function: parserOnBody],
        onMessageComplete: [Function: parserOnMessageComplete],
        socket: [Circular],
        incoming: [Circular],
        maxHeaderPairs: 2000,
        onIncoming: [Function] },
     ondata: [Function],
     _paused: false,
     _httpMessage: 
      { domain: null,
        _events: [Object],
        _maxListeners: 10,
        output: [],
        outputEncodings: [],
        writable: true,
        _last: false,
        chunkedEncoding: false,
        shouldKeepAlive: true,
        useChunkedEncodingByDefault: true,
        sendDate: true,
        _headerSent: false,
        _header: '',
        _hasBody: true,
        _trailer: '',
        finished: false,
        _hangupClose: false,
        socket: [Circular],
        connection: [Circular],
        _headers: [Object],
        _headerNames: [Object],
        req: [Circular],
        locals: {} } },
  httpVersion: '1.1',
  complete: true,
  headers: 
   { host: 'localhost:3000',
     accept: 'application/json',
     'content-type': 'application/json',
     'content-length': '25',
     connection: 'keep-alive' },
  trailers: {},
  _pendings: [],
  _pendingIndex: 0,
  url: '/create/keyspace',
  method: 'POST',
  statusCode: null,
  client: 
   { _connecting: false,
     _handle: 
      { fd: 14,
        writeQueueSize: 0,
        owner: [Circular],
        onread: [Function: onread],
        reading: true },
     _readableState: 
      { highWaterMark: 16384,
        buffer: [],
        length: 0,
        pipes: null,
        pipesCount: 0,
        flowing: false,
        ended: false,
        endEmitted: false,
        reading: true,
        calledRead: true,
        sync: false,
        needReadable: true,
        emittedReadable: false,
        readableListening: false,
        objectMode: false,
        defaultEncoding: 'utf8',
        ranOut: false,
        awaitDrain: 0,
        readingMore: false,
        decoder: null,
        encoding: null },
     readable: true,
     domain: null,
     _events: 
      { end: [Object],
        finish: [Function: onSocketFinish],
        _socketEnd: [Function: onSocketEnd],
        drain: [Object],
        timeout: [Function],
        error: [Function],
        close: [Object] },
     _maxListeners: 10,
     _writableState: 
      { highWaterMark: 16384,
        objectMode: false,
        needDrain: false,
        ending: false,
        ended: false,
        finished: false,
        decodeStrings: false,
        defaultEncoding: 'utf8',
        length: 0,
        writing: false,
        sync: true,
        bufferProcessing: false,
        onwrite: [Function],
        writecb: null,
        writelen: 0,
        buffer: [],
        errorEmitted: false },
     writable: true,
     allowHalfOpen: true,
     onend: [Function],
     destroyed: false,
     bytesRead: 183,
     _bytesDispatched: 0,
     _pendingData: null,
     _pendingEncoding: '',
     server: 
      { domain: null,
        _events: [Object],
        _maxListeners: 10,
        _connections: 1,
        connections: [Getter/Setter],
        _handle: [Object],
        _usingSlaves: false,
        _slaves: [],
        allowHalfOpen: true,
        httpAllowHalfOpen: false,
        timeout: 120000,
        _connectionKey: '4:0.0.0.0:3000' },
     _idleTimeout: 120000,
     _idleNext: 
      { _connecting: false,
        _handle: [Object],
        _readableState: [Object],
        readable: true,
        domain: null,
        _events: [Object],
        _maxListeners: 10,
        _writableState: [Object],
        writable: true,
        allowHalfOpen: false,
        onend: null,
        destroyed: false,
        bytesRead: 7258,
        _bytesDispatched: 282,
        _pendingData: null,
        _pendingEncoding: '',
        _idleTimeout: 5000,
        _idleNext: [Object],
        _idlePrev: [Circular],
        _idleStart: 1425313261948,
        _monotonicStartTime: 135655277,
        read: [Function],
        _consuming: true },
     _idlePrev: { _idleNext: [Circular], _idlePrev: [Object] },
     _idleStart: 1425313265544,
     _monotonicStartTime: 135658874,
     parser: 
      { _headers: [],
        _url: '',
        onHeaders: [Function: parserOnHeaders],
        onHeadersComplete: [Function: parserOnHeadersComplete],
        onBody: [Function: parserOnBody],
        onMessageComplete: [Function: parserOnMessageComplete],
        socket: [Circular],
        incoming: [Circular],
        maxHeaderPairs: 2000,
        onIncoming: [Function] },
     ondata: [Function],
     _paused: false,
     _httpMessage: 
      { domain: null,
        _events: [Object],
        _maxListeners: 10,
        output: [],
        outputEncodings: [],
        writable: true,
        _last: false,
        chunkedEncoding: false,
        shouldKeepAlive: true,
        useChunkedEncodingByDefault: true,
        sendDate: true,
        _headerSent: false,
        _header: '',
        _hasBody: true,
        _trailer: '',
        finished: false,
        _hangupClose: false,
        socket: [Circular],
        connection: [Circular],
        _headers: [Object],
        _headerNames: [Object],
        req: [Circular],
        locals: {} } },
  _consuming: true,
  _dumped: false,
  httpVersionMajor: 1,
  httpVersionMinor: 1,
  upgrade: false,
  next: [Function: next],
  baseUrl: '',
  originalUrl: '/create/keyspace',
  _parsedUrl: 
   { protocol: null,
     slashes: null,
     auth: null,
     host: null,
     port: null,
     hostname: null,
     hash: null,
     search: null,
     query: null,
     pathname: '/create/keyspace',
     path: '/create/keyspace',
     href: '/create/keyspace',
     _raw: '/create/keyspace' },
  params: {},
  query: {},
  res: 
   { domain: null,
     _events: { finish: [Function] },
     _maxListeners: 10,
     output: [],
     outputEncodings: [],
     writable: true,
     _last: false,
     chunkedEncoding: false,
     shouldKeepAlive: true,
     useChunkedEncodingByDefault: true,
     sendDate: true,
     _headerSent: false,
     _header: '',
     _hasBody: true,
     _trailer: '',
     finished: false,
     _hangupClose: false,
     socket: 
      { _connecting: false,
        _handle: [Object],
        _readableState: [Object],
        readable: true,
        domain: null,
        _events: [Object],
        _maxListeners: 10,
        _writableState: [Object],
        writable: true,
        allowHalfOpen: true,
        onend: [Function],
        destroyed: false,
        bytesRead: 183,
        _bytesDispatched: 0,
        _pendingData: null,
        _pendingEncoding: '',
        server: [Object],
        _idleTimeout: 120000,
        _idleNext: [Object],
        _idlePrev: [Object],
        _idleStart: 1425313265544,
        _monotonicStartTime: 135658874,
        parser: [Object],
        ondata: [Function],
        _paused: false,
        _httpMessage: [Circular] },
     connection: 
      { _connecting: false,
        _handle: [Object],
        _readableState: [Object],
        readable: true,
        domain: null,
        _events: [Object],
        _maxListeners: 10,
        _writableState: [Object],
        writable: true,
        allowHalfOpen: true,
        onend: [Function],
        destroyed: false,
        bytesRead: 183,
        _bytesDispatched: 0,
        _pendingData: null,
        _pendingEncoding: '',
        server: [Object],
        _idleTimeout: 120000,
        _idleNext: [Object],
        _idlePrev: [Object],
        _idleStart: 1425313265544,
        _monotonicStartTime: 135658874,
        parser: [Object],
        ondata: [Function],
        _paused: false,
        _httpMessage: [Circular] },
     _headers: 
      { 'x-powered-by': 'Express',
        'access-control-allow-origin': '*',
        'access-control-allow-headers': 'Origin, X-Requested-With, Content-Type, Accept' },
     _headerNames: 
      { 'x-powered-by': 'X-Powered-By',
        'access-control-allow-origin': 'Access-Control-Allow-Origin',
        'access-control-allow-headers': 'Access-Control-Allow-Headers' },
     req: [Circular],
     locals: {} },
  body: { keyspace: 'test_space' },
  _body: true,
  pipe: [Function],
  addListener: [Function: addListener],
  on: [Function: addListener],
  pause: [Function],
  resume: [Function],
  read: [Function],
  route: 
   { path: '/create/keyspace',
     stack: [ [Object] ],
     methods: { post: true } } }
CREATE KEYSPACE IF NOT EXISTS "test_space" WITH replication = {'class' : 'SimpleStrategy', 'replication_factor' : 1};
{ header: 
   { bufferLength: 12,
     isResponse: 128,
     version: 2,
     flags: 0,
     streamId: 5,
     opcode: 8,
     bodyLength: 4 },
  id: undefined,
  meta: undefined,
  _queriedHost: '127.0.0.1' }
{ _readableState: 
   { highWaterMark: 16384,
     buffer: [],
     length: 0,
     pipes: null,
     pipesCount: 0,
     flowing: false,
     ended: true,
     endEmitted: true,
     reading: false,
     calledRead: true,
     sync: false,
     needReadable: true,
     emittedReadable: false,
     readableListening: false,
     objectMode: false,
     defaultEncoding: 'utf8',
     ranOut: false,
     awaitDrain: 0,
     readingMore: false,
     decoder: null,
     encoding: null },
  readable: false,
  domain: null,
  _events: { readable: [Function] },
  _maxListeners: 10,
  socket: 
   { _connecting: false,
     _handle: 
      { fd: 14,
        writeQueueSize: 0,
        owner: [Circular],
        onread: [Function: onread],
        reading: true },
     _readableState: 
      { highWaterMark: 16384,
        buffer: [],
        length: 0,
        pipes: null,
        pipesCount: 0,
        flowing: false,
        ended: false,
        endEmitted: false,
        reading: true,
        calledRead: true,
        sync: false,
        needReadable: true,
        emittedReadable: false,
        readableListening: false,
        objectMode: false,
        defaultEncoding: 'utf8',
        ranOut: false,
        awaitDrain: 0,
        readingMore: false,
        decoder: null,
        encoding: null },
     readable: true,
     domain: null,
     _events: 
      { end: [Object],
        finish: [Function: onSocketFinish],
        _socketEnd: [Function: onSocketEnd],
        drain: [Object],
        timeout: [Function],
        error: [Function],
        close: [Object] },
     _maxListeners: 10,
     _writableState: 
      { highWaterMark: 16384,
        objectMode: false,
        needDrain: false,
        ending: false,
        ended: false,
        finished: false,
        decodeStrings: false,
        defaultEncoding: 'utf8',
        length: 0,
        writing: false,
        sync: true,
        bufferProcessing: false,
        onwrite: [Function],
        writecb: null,
        writelen: 0,
        buffer: [],
        errorEmitted: false },
     writable: true,
     allowHalfOpen: true,
     onend: [Function],
     destroyed: false,
     bytesRead: 183,
     _bytesDispatched: 0,
     _pendingData: null,
     _pendingEncoding: '',
     server: 
      { domain: null,
        _events: [Object],
        _maxListeners: 10,
        _connections: 1,
        connections: [Getter/Setter],
        _handle: [Object],
        _usingSlaves: false,
        _slaves: [],
        allowHalfOpen: true,
        httpAllowHalfOpen: false,
        timeout: 120000,
        _connectionKey: '4:0.0.0.0:3000' },
     _idleTimeout: 120000,
     _idleNext: 
      { _connecting: false,
        _handle: [Object],
        _readableState: [Object],
        readable: true,
        domain: null,
        _events: [Object],
        _maxListeners: 10,
        _writableState: [Object],
        writable: true,
        allowHalfOpen: false,
        onend: null,
        destroyed: false,
        bytesRead: 7270,
        _bytesDispatched: 418,
        _pendingData: null,
        _pendingEncoding: '',
        _idleTimeout: 5000,
        _idleNext: [Object],
        _idlePrev: [Circular],
        _idleStart: 1425313265609,
        _monotonicStartTime: 135658939,
        read: [Function],
        _consuming: true },
     _idlePrev: { _idleNext: [Circular], _idlePrev: [Object] },
     _idleStart: 1425313265625,
     _monotonicStartTime: 135658955,
     parser: 
      { _headers: [],
        _url: '',
        onHeaders: [Function: parserOnHeaders],
        onHeadersComplete: [Function: parserOnHeadersComplete],
        onBody: [Function: parserOnBody],
        onMessageComplete: [Function: parserOnMessageComplete],
        socket: [Circular],
        incoming: [Circular],
        maxHeaderPairs: 2000,
        onIncoming: [Function] },
     ondata: [Function],
     _paused: false,
     _httpMessage: 
      { domain: null,
        _events: [Object],
        _maxListeners: 10,
        output: [],
        outputEncodings: [],
        writable: true,
        _last: false,
        chunkedEncoding: false,
        shouldKeepAlive: true,
        useChunkedEncodingByDefault: true,
        sendDate: true,
        _headerSent: false,
        _header: '',
        _hasBody: true,
        _trailer: '',
        finished: false,
        _hangupClose: false,
        socket: [Circular],
        connection: [Circular],
        _headers: [Object],
        _headerNames: [Object],
        req: [Circular],
        locals: {} } },
  connection: 
   { _connecting: false,
     _handle: 
      { fd: 14,
        writeQueueSize: 0,
        owner: [Circular],
        onread: [Function: onread],
        reading: true },
     _readableState: 
      { highWaterMark: 16384,
        buffer: [],
        length: 0,
        pipes: null,
        pipesCount: 0,
        flowing: false,
        ended: false,
        endEmitted: false,
        reading: true,
        calledRead: true,
        sync: false,
        needReadable: true,
        emittedReadable: false,
        readableListening: false,
        objectMode: false,
        defaultEncoding: 'utf8',
        ranOut: false,
        awaitDrain: 0,
        readingMore: false,
        decoder: null,
        encoding: null },
     readable: true,
     domain: null,
     _events: 
      { end: [Object],
        finish: [Function: onSocketFinish],
        _socketEnd: [Function: onSocketEnd],
        drain: [Object],
        timeout: [Function],
        error: [Function],
        close: [Object] },
     _maxListeners: 10,
     _writableState: 
      { highWaterMark: 16384,
        objectMode: false,
        needDrain: false,
        ending: false,
        ended: false,
        finished: false,
        decodeStrings: false,
        defaultEncoding: 'utf8',
        length: 0,
        writing: false,
        sync: true,
        bufferProcessing: false,
        onwrite: [Function],
        writecb: null,
        writelen: 0,
        buffer: [],
        errorEmitted: false },
     writable: true,
     allowHalfOpen: true,
     onend: [Function],
     destroyed: false,
     bytesRead: 183,
     _bytesDispatched: 0,
     _pendingData: null,
     _pendingEncoding: '',
     server: 
      { domain: null,
        _events: [Object],
        _maxListeners: 10,
        _connections: 1,
        connections: [Getter/Setter],
        _handle: [Object],
        _usingSlaves: false,
        _slaves: [],
        allowHalfOpen: true,
        httpAllowHalfOpen: false,
        timeout: 120000,
        _connectionKey: '4:0.0.0.0:3000' },
     _idleTimeout: 120000,
     _idleNext: 
      { _connecting: false,
        _handle: [Object],
        _readableState: [Object],
        readable: true,
        domain: null,
        _events: [Object],
        _maxListeners: 10,
        _writableState: [Object],
        writable: true,
        allowHalfOpen: false,
        onend: null,
        destroyed: false,
        bytesRead: 7270,
        _bytesDispatched: 418,
        _pendingData: null,
        _pendingEncoding: '',
        _idleTimeout: 5000,
        _idleNext: [Object],
        _idlePrev: [Circular],
        _idleStart: 1425313265609,
        _monotonicStartTime: 135658939,
        read: [Function],
        _consuming: true },
     _idlePrev: { _idleNext: [Circular], _idlePrev: [Object] },
     _idleStart: 1425313265625,
     _monotonicStartTime: 135658955,
     parser: 
      { _headers: [],
        _url: '',
        onHeaders: [Function: parserOnHeaders],
        onHeadersComplete: [Function: parserOnHeadersComplete],
        onBody: [Function: parserOnBody],
        onMessageComplete: [Function: parserOnMessageComplete],
        socket: [Circular],
        incoming: [Circular],
        maxHeaderPairs: 2000,
        onIncoming: [Function] },
     ondata: [Function],
     _paused: false,
     _httpMessage: 
      { domain: null,
        _events: [Object],
        _maxListeners: 10,
        output: [],
        outputEncodings: [],
        writable: true,
        _last: false,
        chunkedEncoding: false,
        shouldKeepAlive: true,
        useChunkedEncodingByDefault: true,
        sendDate: true,
        _headerSent: false,
        _header: '',
        _hasBody: true,
        _trailer: '',
        finished: false,
        _hangupClose: false,
        socket: [Circular],
        connection: [Circular],
        _headers: [Object],
        _headerNames: [Object],
        req: [Circular],
        locals: {} } },
  httpVersion: '1.1',
  complete: true,
  headers: 
   { host: 'localhost:3000',
     accept: 'application/json',
     'content-type': 'application/json',
     'content-length': '25',
     connection: 'keep-alive' },
  trailers: {},
  _pendings: [],
  _pendingIndex: 0,
  url: '/create/keyspace',
  method: 'POST',
  statusCode: null,
  client: 
   { _connecting: false,
     _handle: 
      { fd: 14,
        writeQueueSize: 0,
        owner: [Circular],
        onread: [Function: onread],
        reading: true },
     _readableState: 
      { highWaterMark: 16384,
        buffer: [],
        length: 0,
        pipes: null,
        pipesCount: 0,
        flowing: false,
        ended: false,
        endEmitted: false,
        reading: true,
        calledRead: true,
        sync: false,
        needReadable: true,
        emittedReadable: false,
        readableListening: false,
        objectMode: false,
        defaultEncoding: 'utf8',
        ranOut: false,
        awaitDrain: 0,
        readingMore: false,
        decoder: null,
        encoding: null },
     readable: true,
     domain: null,
     _events: 
      { end: [Object],
        finish: [Function: onSocketFinish],
        _socketEnd: [Function: onSocketEnd],
        drain: [Object],
        timeout: [Function],
        error: [Function],
        close: [Object] },
     _maxListeners: 10,
     _writableState: 
      { highWaterMark: 16384,
        objectMode: false,
        needDrain: false,
        ending: false,
        ended: false,
        finished: false,
        decodeStrings: false,
        defaultEncoding: 'utf8',
        length: 0,
        writing: false,
        sync: true,
        bufferProcessing: false,
        onwrite: [Function],
        writecb: null,
        writelen: 0,
        buffer: [],
        errorEmitted: false },
     writable: true,
     allowHalfOpen: true,
     onend: [Function],
     destroyed: false,
     bytesRead: 183,
     _bytesDispatched: 0,
     _pendingData: null,
     _pendingEncoding: '',
     server: 
      { domain: null,
        _events: [Object],
        _maxListeners: 10,
        _connections: 1,
        connections: [Getter/Setter],
        _handle: [Object],
        _usingSlaves: false,
        _slaves: [],
        allowHalfOpen: true,
        httpAllowHalfOpen: false,
        timeout: 120000,
        _connectionKey: '4:0.0.0.0:3000' },
     _idleTimeout: 120000,
     _idleNext: 
      { _connecting: false,
        _handle: [Object],
        _readableState: [Object],
        readable: true,
        domain: null,
        _events: [Object],
        _maxListeners: 10,
        _writableState: [Object],
        writable: true,
        allowHalfOpen: false,
        onend: null,
        destroyed: false,
        bytesRead: 7270,
        _bytesDispatched: 418,
        _pendingData: null,
        _pendingEncoding: '',
        _idleTimeout: 5000,
        _idleNext: [Object],
        _idlePrev: [Circular],
        _idleStart: 1425313265609,
        _monotonicStartTime: 135658939,
        read: [Function],
        _consuming: true },
     _idlePrev: { _idleNext: [Circular], _idlePrev: [Object] },
     _idleStart: 1425313265625,
     _monotonicStartTime: 135658955,
     parser: 
      { _headers: [],
        _url: '',
        onHeaders: [Function: parserOnHeaders],
        onHeadersComplete: [Function: parserOnHeadersComplete],
        onBody: [Function: parserOnBody],
        onMessageComplete: [Function: parserOnMessageComplete],
        socket: [Circular],
        incoming: [Circular],
        maxHeaderPairs: 2000,
        onIncoming: [Function] },
     ondata: [Function],
     _paused: false,
     _httpMessage: 
      { domain: null,
        _events: [Object],
        _maxListeners: 10,
        output: [],
        outputEncodings: [],
        writable: true,
        _last: false,
        chunkedEncoding: false,
        shouldKeepAlive: true,
        useChunkedEncodingByDefault: true,
        sendDate: true,
        _headerSent: false,
        _header: '',
        _hasBody: true,
        _trailer: '',
        finished: false,
        _hangupClose: false,
        socket: [Circular],
        connection: [Circular],
        _headers: [Object],
        _headerNames: [Object],
        req: [Circular],
        locals: {} } },
  _consuming: true,
  _dumped: false,
  httpVersionMajor: 1,
  httpVersionMinor: 1,
  upgrade: false,
  next: [Function: next],
  baseUrl: '',
  originalUrl: '/create/keyspace',
  _parsedUrl: 
   { protocol: null,
     slashes: null,
     auth: null,
     host: null,
     port: null,
     hostname: null,
     hash: null,
     search: null,
     query: null,
     pathname: '/create/keyspace',
     path: '/create/keyspace',
     href: '/create/keyspace',
     _raw: '/create/keyspace' },
  params: {},
  query: {},
  res: 
   { domain: null,
     _events: { finish: [Function] },
     _maxListeners: 10,
     output: [],
     outputEncodings: [],
     writable: true,
     _last: false,
     chunkedEncoding: false,
     shouldKeepAlive: true,
     useChunkedEncodingByDefault: true,
     sendDate: true,
     _headerSent: false,
     _header: '',
     _hasBody: true,
     _trailer: '',
     finished: false,
     _hangupClose: false,
     socket: 
      { _connecting: false,
        _handle: [Object],
        _readableState: [Object],
        readable: true,
        domain: null,
        _events: [Object],
        _maxListeners: 10,
        _writableState: [Object],
        writable: true,
        allowHalfOpen: true,
        onend: [Function],
        destroyed: false,
        bytesRead: 183,
        _bytesDispatched: 0,
        _pendingData: null,
        _pendingEncoding: '',
        server: [Object],
        _idleTimeout: 120000,
        _idleNext: [Object],
        _idlePrev: [Object],
        _idleStart: 1425313265625,
        _monotonicStartTime: 135658955,
        parser: [Object],
        ondata: [Function],
        _paused: false,
        _httpMessage: [Circular] },
     connection: 
      { _connecting: false,
        _handle: [Object],
        _readableState: [Object],
        readable: true,
        domain: null,
        _events: [Object],
        _maxListeners: 10,
        _writableState: [Object],
        writable: true,
        allowHalfOpen: true,
        onend: [Function],
        destroyed: false,
        bytesRead: 183,
        _bytesDispatched: 0,
        _pendingData: null,
        _pendingEncoding: '',
        server: [Object],
        _idleTimeout: 120000,
        _idleNext: [Object],
        _idlePrev: [Object],
        _idleStart: 1425313265625,
        _monotonicStartTime: 135658955,
        parser: [Object],
        ondata: [Function],
        _paused: false,
        _httpMessage: [Circular] },
     _headers: 
      { 'x-powered-by': 'Express',
        'access-control-allow-origin': '*',
        'access-control-allow-headers': 'Origin, X-Requested-With, Content-Type, Accept' },
     _headerNames: 
      { 'x-powered-by': 'X-Powered-By',
        'access-control-allow-origin': 'Access-Control-Allow-Origin',
        'access-control-allow-headers': 'Access-Control-Allow-Headers' },
     req: [Circular],
     locals: {} },
  body: { keyspace: 'test space' },
  _body: true,
  pipe: [Function],
  addListener: [Function: addListener],
  on: [Function: addListener],
  pause: [Function],
  resume: [Function],
  read: [Function],
  route: 
   { path: '/create/keyspace',
     stack: [ [Object] ],
     methods: { post: true } } }
CREATE KEYSPACE IF NOT EXISTS "test space" WITH replication = {'class' : 'SimpleStrategy', 'replication_factor' : 1};
{ [ResponseError: "test space" is not a valid keyspace name]
  name: 'ResponseError',
  message: '"test space" is not a valid keyspace name',
  info: 'Represents an error message from the server',
  code: 8704,
  query: 'CREATE KEYSPACE IF NOT EXISTS "test space" WITH replication = {\'class\' : \'SimpleStrategy\', \'replication_factor\' : 1};' }
{ [ResponseError: unconfigured columnfamily schema_keyspace]
  name: 'ResponseError',
  message: 'unconfigured columnfamily schema_keyspace',
  info: 'Represents an error message from the server',
  code: 8704,
  query: 'SELECT * from system.schema_keyspace;' }
Select * from batchlog;
{ header: 
   { bufferLength: 20,
     isResponse: 128,
     version: 2,
     flags: 0,
     streamId: 9,
     opcode: 8,
     bodyLength: 12 },
  keyspaceSet: 'system',
  _queriedHost: '127.0.0.1' }
{ rows: [], _queriedHost: '127.0.0.1' }
Select nothing from batchlog;
{ header: 
   { bufferLength: 20,
     isResponse: 128,
     version: 2,
     flags: 0,
     streamId: 12,
     opcode: 8,
     bodyLength: 12 },
  keyspaceSet: 'system',
  _queriedHost: '127.0.0.1' }
{ [ResponseError: Undefined name nothing in selection clause]
  name: 'ResponseError',
  message: 'Undefined name nothing in selection clause',
  info: 'Represents an error message from the server',
  code: 8704,
  query: 'Select nothing from batchlog;' }
system
{ rows: 
   [ { __columns: [Object], columnfamily_name: 'IndexInfo' },
     { __columns: [Object], columnfamily_name: 'NodeIdInfo' },
     { __columns: [Object], columnfamily_name: 'batchlog' },
     { __columns: [Object], columnfamily_name: 'compaction_history' },
     { __columns: [Object],
       columnfamily_name: 'compactions_in_progress' },
     { __columns: [Object], columnfamily_name: 'hints' },
     { __columns: [Object], columnfamily_name: 'local' },
     { __columns: [Object], columnfamily_name: 'paxos' },
     { __columns: [Object], columnfamily_name: 'peer_events' },
     { __columns: [Object], columnfamily_name: 'peers' },
     { __columns: [Object], columnfamily_name: 'range_xfers' },
     { __columns: [Object],
       columnfamily_name: 'schema_columnfamilies' },
     { __columns: [Object], columnfamily_name: 'schema_columns' },
     { __columns: [Object], columnfamily_name: 'schema_keyspaces' },
     { __columns: [Object], columnfamily_name: 'schema_triggers' },
     { __columns: [Object], columnfamily_name: 'sstable_activity' } ],
  meta: 
   { global_tables_spec: true,
     keyspace: 'system',
     table: 'schema_columnfamilies',
     columns: [ [Object], _col_columnfamily_name: 0 ] },
  _queriedHost: '127.0.0.1' }
{ [ResponseError: unconfigured columnfamily system]
  name: 'ResponseError',
  message: 'unconfigured columnfamily system',
  info: 'Represents an error message from the server',
  code: 8704,
  query: 'SELECT * from system.system;' }
